[65c7cb4baa83d.site123.me/index.html]
[static1.s123-cdn-static-a.com/ready_uploads/media/2929090/2000_5e294c6b4848d.jpg]
[cdn-cms-s.f-static.net/manager/websites/site123_website/files/logos/brand_files_2020/Icons/Png/Icon_blueb781.png]
[backblue.gif]
[fade.gif]
[index.html]
[cdn-cms-s.f-static.net/versions/2/css/minimize_mainb781.css]
[cdn-cms-s.f-static.net/versions/2/css/websiteCSSb9b4.css]
[static1.s123-cdn-static-a.com/ready_uploads/media/27943/800_5cdd4bdb734fd.jpg]
[static1.s123-cdn-static-a.com/ready_uploads/media/95383/400_5ce7cb6529c28.jpg]
[static1.s123-cdn-static-a.com/ready_uploads/media/7834345/400_602c80337fd54.jpg]
[static1.s123-cdn-static-a.com/ready_uploads/media/102591/400_5ce8290c0b72c.jpg]
[cdn-cms-s.f-static.net/files/images/google_map_white_smallb781.png]
[cdn-cms-s.f-static.net/files/images/waze_white_smallb781.png]
[cdn-cms-s.f-static.net/files/images/moovit_white_smallb781.png]
[cdn-cms-s.f-static.net/manager/websites/site123_website/files/logos/brand_files_2020/Logo/Horizontal/PNG/Horizontal_Blackb781.png]
[65c7cb4baa83d.site123.me/65c7cb4baa83d.site123.c.delayed]
[cdn-cms-s.f-static.net/versions/2/js/minimize_p1b781.js]
[cdn-cms-s.f-static.net/versions/2/js/minimize_p2b781.js]
[cdn-cms-s.f-static.net/versions/2/js/minimize_p3b781.js]
[cdn-cms-s.f-static.net/versions/2/js/minimize_p4b781.js]
[cdn-cms-s.f-static.net/versions/2/js/minimize_scriptsb781.js]
[65c7cb4baa83d.site123.me/index.html]
[cdn-cms-s.f-static.net/versions/2/wizard/statistics/js/generateStats-minb781.js]
[cdn-cms-s.f-static.net/files/vendor/slick-1.8.1/slick/ajax-loader.gif]
[cdn-cms-s.f-static.net/versions/2/css/owl.video.play.png]
[cdn-cms-s.f-static.net/versions/2/css/minimize_mainb781.css]
[static1.s123-cdn-static-a.com/ready_uploads/media/26424/2000_5cdd2aeec5281.jpg]
[cdn-cms-s.f-static.net/versions/2/css/websiteCSSb9b4.css]
[65c7cb4baa83d.site123.me/65c7cb4baa83d.site123.html]
[cdn-cms-s.f-static.net/versions/2/css/owl.video.play.html]
